# Graph Report

Graph report intro.

## Topology

Graph section.

### Cycle View

Cycle graph.

```mermaid
graph TD
    N1[CyA]
    N2[CyB]
    N3[CyC]
    N1 --> N2
    N2 --> N3
    N3 --> N1
```

### DAG View

Dag graph.

- <a id="graph-node-dag-a"></a> A: a
  - <a id="graph-node-dag-b"></a> B: b
    - <a id="graph-node-dag-d"></a> D: d
  - <a id="graph-node-dag-c"></a> C: c
    - *(see [D](#graph-node-dag-d))*

### Tree View

Tree graph.

- <a id="graph-node-root"></a> Root: root body
  - <a id="graph-node-left"></a> Left: left body
  - <a id="graph-node-right"></a> Right: right body

