{"diagnostics":[{"code":"ORPHAN_QUERY_MISSING_LINK","severity":"warning","message":"subject note has no relationships matching orphan query [noteName=n.ingredient.b, subjectLabel=ingredient]","path":"notes[name=\"n.ingredient.b\"]"},{"code":"ORPHAN_QUERY_MISSING_LINK","severity":"warning","message":"subject note has no relationships matching orphan query [noteName=n.ingredient.orphan, subjectLabel=ingredient]","path":"notes[name=\"n.ingredient.orphan\"]"}]}
