{"diagnostics":[{"code":"FBC001","severity":"error","message":"malformed configured argument","path":"reports[0].sections[0].arguments[2]"},{"code":"FBC002","severity":"error","message":"unknown configured argument key","path":"reports[0].sections[0].arguments[0]"},{"code":"FBC003","severity":"error","message":"argument used outside allowed scope","path":"notes[0].arguments[0]"},{"code":"FBC004","severity":"error","message":"argument value does not match declared type","path":"notes[0].arguments[1]"},{"code":"FBC004","severity":"error","message":"argument value does not match declared type","path":"reports[0].sections[0].arguments[1]"}]}
