{"diagnostics":[{"code":"LABEL_REF_UNKNOWN","severity":"warning","message":"unknown label reference","path":"notes[0].arguments[0]"},{"code":"LABEL_REF_UNKNOWN","severity":"warning","message":"unknown label reference","path":"reports[0].sections[0].arguments[1]"},{"code":"LABEL_REF_UNKNOWN","severity":"warning","message":"unknown label reference","path":"reports[0].sections[0].arguments[2]"}]}
