{"diagnostics":[{"code":"GRAPH_CROSS_REPORT_REFERENCE","severity":"error","message":"cross-report relationship reference is disallowed [relationship=n1-\u003en2]","path":"relationships[1]"},{"code":"GRAPH_DUPLICATE_NOTE_NAME","severity":"warning","message":"duplicate note name [noteName=dup]","path":"notes[name=\"dup\"]"},{"code":"GRAPH_MISSING_NODE","severity":"error","message":"relationship references missing to node [relationship=n1-\u003emissing]","path":"relationships[0].to"},{"code":"GRAPH_ORPHAN_NODE","severity":"warning","message":"note is orphaned from relationships and report sections [noteName=n3]","path":"notes[2].name"},{"code":"GRAPH_ORPHAN_NODE","severity":"warning","message":"note is orphaned from relationships and report sections [noteName=dup]","path":"notes[3].name"},{"code":"GRAPH_ORPHAN_NODE","severity":"warning","message":"note is orphaned from relationships and report sections [noteName=dup]","path":"notes[4].name"}]}
