{"diagnostics":[{"code":"GRAPH_CROSS_REPORT_REFERENCE","severity":"error","message":"cross-report relationship reference is disallowed","path":"relationships[1]"},{"code":"GRAPH_DUPLICATE_NOTE_NAME","severity":"warning","message":"duplicate note name","path":"notes[name=\"dup\"]"},{"code":"GRAPH_MISSING_NODE","severity":"error","message":"relationship references missing to node","path":"relationships[0].to"},{"code":"GRAPH_ORPHAN_NODE","severity":"warning","message":"note is orphaned from relationships and report sections","path":"notes[2].name"},{"code":"GRAPH_ORPHAN_NODE","severity":"warning","message":"note is orphaned from relationships and report sections","path":"notes[3].name"},{"code":"GRAPH_ORPHAN_NODE","severity":"warning","message":"note is orphaned from relationships and report sections","path":"notes[4].name"}]}
