{"diagnostics":[{"code":"LABEL_REF_UNKNOWN","severity":"warning","message":"unknown label reference [noteName=n1, argumentName=orphan-subject-label, labelValue=missing-note]","path":"notes[0].arguments[0]"},{"code":"LABEL_REF_UNKNOWN","severity":"warning","message":"unknown label reference [reportTitle=CPU Overview, sectionTitle=Overview, argumentName=orphan-edge-label, labelValue=missing-edge]","path":"reports[0].sections[0].arguments[1]"},{"code":"LABEL_REF_UNKNOWN","severity":"warning","message":"unknown label reference [reportTitle=CPU Overview, sectionTitle=Overview, argumentName=orphan-counterpart-label, labelValue=missing-counterpart]","path":"reports[0].sections[0].arguments[2]"}]}
