{"diagnostics":[{"code":"NAME_STYLE_VIOLATION","severity":"warning","message":"note name violates style policy","path":"notes[name=\"badName\"]"},{"code":"NAME_STYLE_VIOLATION","severity":"warning","message":"note name violates style policy","path":"notes[name=\"cli_worker\"]"},{"code":"NAME_STYLE_VIOLATION","severity":"warning","message":"relationship from endpoint violates style policy","path":"relationships[0].from"},{"code":"NAME_STYLE_VIOLATION","severity":"warning","message":"relationship to endpoint violates style policy","path":"relationships[1].to"}]}
